  v2-00-url  9.5s
  v2-00b-usecases  27.4s
  v2-01-open  27.6s
  v2-02-id  41.5s
  v2-03-flat  18.0s
  v2-04-fill-text  22.6s
  v2-05-fill-controls  13.1s
  v2-06-photo-sig  13.1s
  v2-07-learn  15.8s
  v2-08-family  19.5s
  v2-09-office  15.1s
  v2-11-extension  13.2s
  v2-12-languages  28.6s
  v2-13-privacy  19.5s
  v2-14-url  12.8s

! Skipped (missing raw/audio): v2-div-profile, v2-div-work, v2-10-sign, v2-div-ext

✔ 291.1s / 15 cues
  video    C:\Users\Subramanya Mysore\MyProject\ProjectPDFs\docs\guide\output\video\PolyglotFormFill-guide.ja.mp4
  captions C:\Users\Subramanya Mysore\MyProject\ProjectPDFs\docs\guide\output\captions\PolyglotFormFill-guide.ja.srt
  vtt      C:\Users\Subramanya Mysore\MyProject\ProjectPDFs\docs\guide\output\captions\PolyglotFormFill-guide.ja.vtt
